###############################################################################
#
# IAR ELF Linker V8.20.2.14835/W32 for ARM                05/Jan/2018  18:41:22
# Copyright 2007-2017 IAR Systems AB.
#
#    Output file  =  
#        D:\Ilya\Projects\332 WS2811 hew year
#        light\IAR\Debug\Exe\332_WS2811_light.out
#    Map file     =  
#        D:\Ilya\Projects\332 WS2811 hew year
#        light\IAR\Debug\List\332_WS2811_light.map
#    Command line =  
#        -f C:\Users\75BD~1\AppData\Local\Temp\EW5559.tmp
#        ("D:\Ilya\Projects\332 WS2811 hew year light\IAR\Debug\Obj\effects.o"
#        "D:\Ilya\Projects\332 WS2811 hew year light\IAR\Debug\Obj\inits.o"
#        "D:\Ilya\Projects\332 WS2811 hew year light\IAR\Debug\Obj\main.o"
#        "D:\Ilya\Projects\332 WS2811 hew year light\IAR\Debug\Obj\messages.o"
#        "D:\Ilya\Projects\332 WS2811 hew year
#        light\IAR\Debug\Obj\stm32f051_it.ñ.o" "D:\Ilya\Projects\332 WS2811
#        hew year light\IAR\Debug\Obj\stm32f0xx_rcc.o" "D:\Ilya\Projects\332
#        WS2811 hew year light\IAR\Debug\Obj\system_stm32f0xx.o"
#        "D:\Ilya\Projects\332 WS2811 hew year light\IAR\Debug\Obj\ws2811.o" -o
#        "D:\Ilya\Projects\332 WS2811 hew year
#        light\IAR\Debug\Exe\332_WS2811_light.out" --redirect
#        _Printf=_PrintfSmallNoMb --redirect _Scanf=_ScanfSmallNoMb --map
#        "D:\Ilya\Projects\332 WS2811 hew year
#        light\IAR\Debug\List\332_WS2811_light.map" --config
#        "D:\Ilya\Projects\332 WS2811 hew year
#        light\IAR\settings\stm32f051x8.icf" --semihosting --entry
#        __iar_program_start --inline --merge_duplicate_sections --vfe
#        --text_out locale --basic_heap)
#
###############################################################################

*******************************************************************************
*** RUNTIME MODEL ATTRIBUTES
***

CppFlavor       = *
__SystemLibrary = DLib
__dlib_version  = 6


*******************************************************************************
*** HEAP SELECTION
***

The basic heap was selected because of --basic_heap.


*******************************************************************************
*** PLACEMENT SUMMARY
***

"A0":  place at 0x08000000 { ro section .intvec };
"P1":  place in [from 0x08000000 to 0x0800ffff] { ro };
define block CSTACK with size = 2K, alignment = 8 { };
define block HEAP with size = 1K, alignment = 8 { };
"P2":  place in [from 0x20000000 to 0x20001fff] {
          rw, block CSTACK, block HEAP };
initialize by copy { rw };

  Section            Kind        Address    Size  Object
  -------            ----        -------    ----  ------
"A0":                                       0xc0
  .intvec            const    0x08000000    0xc0  stm32f051_it.ñ.o [1]
                            - 0x080000c0    0xc0

"P1":                                     0x124d
  .text              ro code  0x080000c0   0x490  effects.o [1]
  .text              ro code  0x08000550    0x18  effects.o [1]
  .text              ro code  0x08000568   0x434  ws2811.o [1]
  .text              ro code  0x0800099c    0xe0  I32DivModFast.o [4]
  .text              ro code  0x08000a7c    0x5c  ABImemcpy.o [4]
  .text              ro code  0x08000ad8    0x50  ABImemset.o [4]
  .text              ro code  0x08000b28    0x1c  ws2811.o [1]
  .text              ro code  0x08000b44   0x1f0  system_stm32f0xx.o [1]
  .text              ro code  0x08000d34   0x1a0  stm32f0xx_rcc.o [1]
  .text              ro code  0x08000ed4    0x76  main.o [1]
  .text              ro code  0x08000f4c   0x150  inits.o [1]
  .text              ro code  0x0800109c    0x60  messages.o [1]
  .rodata            const    0x080010fc    0x48  stm32f0xx_rcc.o [1]
  .text              ro code  0x08001144    0x3c  zero_init3.o [4]
  .text              ro code  0x08001180    0x3c  packbits_init_single.o [4]
  .text              ro code  0x080011bc    0x28  stm32f051_it.ñ.o [1]
  .text              ro code  0x080011e4     0xc  cstartup_M.o [4]
  .text              ro code  0x080011f0    0x1e  cmain.o [4]
  .text              ro code  0x08001210    0x28  data_init.o [4]
  .text              ro code  0x08001238     0x8  exit.o [3]
  .text              ro code  0x08001240     0xa  cexit.o [4]
  .text              ro code  0x0800124c    0x14  exit.o [5]
  .iar.init_table    const    0x08001260    0x20  - Linker created -
  .rodata            const    0x08001280    0x18  effects.o [1]
  .rodata            const    0x08001298    0x18  effects.o [1]
  .rodata            const    0x080012b0    0x14  effects.o [1]
  .rodata            const    0x080012c4     0x0  zero_init3.o [4]
  .rodata            const    0x080012c4     0x0  packbits_init_single.o [4]
  Initializer bytes  const    0x080012c4    0x49  <for P2-1>
                            - 0x0800130d  0x124d

"P2", part 1 of 3:                          0x60
  P2-1                        0x20000000    0x60  <Init block>
    .data            inited   0x20000000     0x8  effects.o [1]
    .data            inited   0x20000008    0x18  effects.o [1]
    .data            inited   0x20000020    0x18  effects.o [1]
    .data            inited   0x20000038     0x4  effects.o [1]
    .data            inited   0x2000003c    0x10  stm32f0xx_rcc.o [1]
    .data            inited   0x2000004c     0x4  system_stm32f0xx.o [1]
    .data            inited   0x20000050    0x10  system_stm32f0xx.o [1]
                            - 0x20000060    0x60

"P2", part 2 of 3:                        0x15bc
  .bss               zero     0x20000060   0xbb8  effects.o [1]
  .bss               zero     0x20000c18   0x9f8  main.o [1]
  .bss               zero     0x20001610     0x4  stm32f051_it.ñ.o [1]
  .bss               zero     0x20001614     0x4  ws2811.o [1]
  .bss               zero     0x20001618     0x1  effects.o [1]
  .bss               zero     0x20001619     0x1  effects.o [1]
                            - 0x2000161a  0x15ba

"P2", part 3 of 3:                         0x804
  .noinit            uninit   0x2000161c     0x4  messages.o [1]
  CSTACK                      0x20001620   0x800  <Block>
    CSTACK           uninit   0x20001620   0x800  <Block tail>
                            - 0x20001e20   0x804


*******************************************************************************
*** INIT TABLE
***

          Address     Size
          -------     ----
Zero (__iar_zero_init3)
    1 destination range, total size 0x15ba:
          0x20000060  0x15ba

Copy/packbits (__iar_packbits_init_single3)
    1 source range, total size 0x49 (76% of destination):
          0x080012c4    0x49
    1 destination range, total size 0x60:
          0x20000000    0x60



*******************************************************************************
*** MODULE SUMMARY
***

    Module                  ro code  ro data  rw data
    ------                  -------  -------  -------
D:\Ilya\Projects\332 WS2811 hew year light\IAR\Debug\Obj: [1]
    effects.o                 1 192      113    3 062
    inits.o                     336
    main.o                      118             2 552
    messages.o                   96                 4
    stm32f051_it.ñ.o             40      192        4
    stm32f0xx_rcc.o             416       84       16
    system_stm32f0xx.o          496       16       20
    ws2811.o                  1 104                 4
    -------------------------------------------------
    Total:                    3 798      405    5 662

command line: [2]
    -------------------------------------------------
    Total:

dl6M_tln.a: [3]
    exit.o                        8
    -------------------------------------------------
    Total:                        8

rt6M_tl.a: [4]
    ABImemcpy.o                  92
    ABImemset.o                  80
    I32DivModFast.o             224
    cexit.o                      10
    cmain.o                      30
    cstartup_M.o                 12
    data_init.o                  40
    packbits_init_single.o       60
    zero_init3.o                 60
    -------------------------------------------------
    Total:                      608

shb_l.a: [5]
    exit.o                       20
    -------------------------------------------------
    Total:                       20

    Gaps                          6
    Linker created                        32    2 048
-----------------------------------------------------
    Grand Total:              4 440      437    7 710


*******************************************************************************
*** ENTRY LIST
***

Entry                      Address   Size  Type      Object
-----                      -------   ----  ----      ------
.iar.init_table$$Base   0x08001260          --   Gb  - Linker created -
.iar.init_table$$Limit  0x08001280          --   Gb  - Linker created -
?main                   0x080011f1         Code  Gb  cmain.o [4]
AHBPrescTable           0x20000050   0x10  Data  Gb  system_stm32f0xx.o [1]
APBAHBPrescTable        0x2000003c   0x10  Data  Lc  stm32f0xx_rcc.o [1]
CSTACK$$Base            0x20001620          --   Gb  - Linker created -
CSTACK$$Limit           0x20001e20          --   Gb  - Linker created -
DMA1_Channel1_IRQHandler
                        0x080008a9   0x24  Code  Gb  ws2811.o [1]
NVIC_EnableIRQ          0x08000f4d    0xe  Code  Lc  inits.o [1]
NVIC_EnableIRQ          0x08000597    0xe  Code  Lc  ws2811.o [1]
NVIC_SetPriority        0x08000f5b   0x8c  Code  Lc  inits.o [1]
NVIC_SetPriority        0x080005a5   0x8c  Code  Lc  ws2811.o [1]
RCC_ClockSecuritySystemCmd
                        0x08000d35   0x40  Code  Gb  stm32f0xx_rcc.o [1]
RCC_GetClocksFreq       0x08000d85  0x12c  Code  Gb  stm32f0xx_rcc.o [1]
Region$$Table$$Base     0x08001260          --   Gb  - Linker created -
Region$$Table$$Limit    0x08001280          --   Gb  - Linker created -
SetSysClock             0x08000c41   0xac  Code  Lc  system_stm32f0xx.o [1]
SysTick_Config          0x08000fe7   0x32  Code  Lc  inits.o [1]
SystemCoreClock         0x2000004c    0x4  Data  Gb  system_stm32f0xx.o [1]
SystemCoreClockUpdate   0x08000bb3   0x8e  Code  Gb  system_stm32f0xx.o [1]
SystemInit              0x08000b45   0x6e  Code  Gb  system_stm32f0xx.o [1]
__ICFEDIT_region_RAM_end__ {Abs}
                        0x20001fff         Data  Gb  command line/config [2]
__ICFEDIT_region_RAM_start__ {Abs}
                        0x20000000         Data  Gb  command line/config [2]
__aeabi_idiv            0x080009c9         Code  Gb  I32DivModFast.o [4]
__aeabi_idivmod         0x080009c9         Code  Gb  I32DivModFast.o [4]
__aeabi_memcpy          0x08000a7d         Code  Gb  ABImemcpy.o [4]
__aeabi_memcpy4         0x08000aa5         Code  Wk  ABImemcpy.o [4]
__aeabi_memset          0x08000ad9         Code  Gb  ABImemset.o [4]
__aeabi_uidiv           0x080009cf         Code  Gb  I32DivModFast.o [4]
__aeabi_uidivmod        0x080009cf         Code  Gb  I32DivModFast.o [4]
__cmain                 0x080011f1         Code  Gb  cmain.o [4]
__exit                  0x0800124d   0x14  Code  Gb  exit.o [5]
__iar_Memset4_word      0x08000af9         Code  Gb  ABImemset.o [4]
__iar_Memset_word       0x08000ae5         Code  Gb  ABImemset.o [4]
__iar_data_init3        0x08001211   0x28  Code  Gb  data_init.o [4]
__iar_packbits_init_single3
                        0x08001181   0x3c  Code  Gb  packbits_init_single.o [4]
__iar_program_start     0x080011e5         Code  Gb  cstartup_M.o [4]
__iar_systems$$module {Abs}
                        0x00000001         Data  Gb  command line/config [2]
__iar_zero_init3        0x08001145   0x3c  Code  Gb  zero_init3.o [4]
__vector_table          0x08000000   0xc0  Data  Gb  stm32f051_it.ñ.o [1]
_call_main              0x080011fd         Code  Gb  cmain.o [4]
_exit                   0x08001241         Code  Gb  cexit.o [4]
_main                   0x0800120b         Code  Gb  cmain.o [4]
assert_failed           0x08000f29    0xa  Code  Gb  main.o [1]
effect2                 0x08000469   0xc0  Code  Gb  effects.o [1]
effect2::backs          0x08001298   0x18  Data  Lc  effects.o [1]
effect2::ch_patt        0x20000000    0x8  Data  Lc  effects.o [1]
effect2::count_color    0x20001619    0x1  Data  Lc  effects.o [1]
effect2::l_21           0x20000008   0x18  Data  Lc  effects.o [1]
effect2::l_22           0x20000020   0x18  Data  Lc  effects.o [1]
effect2::p_light        0x20000038    0x4  Data  Lc  effects.o [1]
effect2::patterns       0x08001280   0x18  Data  Lc  effects.o [1]
effect2::status2        0x20001618    0x1  Data  Lc  effects.o [1]
effects_proc            0x080000ef   0x16  Code  Gb  effects.o [1]
exit                    0x08001239    0x8  Code  Gb  exit.o [3]
fault_isr               0x080011c9    0x4  Code  Gb  stm32f051_it.ñ.o [1]
g                       0x20000c18  0x9f8  Data  Gb  main.o [1]
get_message             0x08000551   0x18  Code  Gb  effects.o [1]
init_irq                0x08001061   0x3c  Code  Gb  inits.o [1]
init_layers             0x08000407   0x24  Code  Gb  effects.o [1]
init_messages           0x0800109d   0x1c  Code  Gb  messages.o [1]
init_ws2811_pin         0x08000631  0x134  Code  Gb  ws2811.o [1]
int_default_handler     0x080011cd    0x4  Code  Gb  stm32f051_it.ñ.o [1]
layer                   0x20000060  0xbb8  Data  Lc  effects.o [1]
led_buffer_proc         0x080008f1   0x42  Code  Gb  ws2811.o [1]
led_buffer_proc::led_buffer_timer
                        0x20001614    0x4  Data  Lc  ws2811.o [1]
led_buffer_set          0x08000769   0xb4  Code  Gb  ws2811.o [1]
led_dma_init            0x08000845   0x4a  Code  Gb  ws2811.o [1]
light_moving            0x080003d1   0x36  Code  Gb  effects.o [1]
light_shadow            0x0800015d  0x13c  Code  Gb  effects.o [1]
main                    0x08000f09   0x20  Code  Gb  main.o [1]
nm_isr                  0x080011c5    0x4  Code  Gb  stm32f051_it.ñ.o [1]
p                       0x2000161c    0x4  Data  Gb  messages.o [1]
pend_sv_handler         0x080011d3    0x2  Code  Gb  stm32f051_it.ñ.o [1]
pixel_init              0x08000439   0x30  Code  Gb  effects.o [1]
proc_pixel              0x08000299  0x138  Code  Gb  effects.o [1]
process_messages        0x080010b9   0x3e  Code  Gb  messages.o [1]
reset_isr               0x080011bd    0x8  Code  Gb  stm32f051_it.ñ.o [1]
send_message            0x08000b29   0x1c  Code  Gb  ws2811.o [1]
stripe_clear            0x0800081d   0x10  Code  Gb  ws2811.o [1]
sum_layers              0x08000105   0x52  Code  Gb  effects.o [1]
svc_handler             0x080011d1    0x2  Code  Gb  stm32f051_it.ñ.o [1]
system_clocks_init      0x08001019   0x30  Code  Gb  inits.o [1]
system_time             0x080000c1    0x6  Code  Lc  effects.o [1]
system_time             0x08000ed5    0x6  Code  Lc  main.o [1]
system_time             0x08000569    0x6  Code  Lc  ws2811.o [1]
system_timer            0x20001610    0x4  Data  Gb  stm32f051_it.ñ.o [1]
systick_delay           0x08000f33   0x18  Code  Gb  main.o [1]
systick_handler         0x080011d5    0xc  Code  Gb  stm32f051_it.ñ.o [1]
timer_end               0x080000d3   0x1c  Code  Lc  effects.o [1]
timer_end               0x08000eed   0x1c  Code  Lc  main.o [1]
timer_end               0x0800057b   0x1c  Code  Lc  ws2811.o [1]
timer_reset             0x080000c7    0xc  Code  Lc  effects.o [1]
timer_reset             0x08000ee1    0xc  Code  Lc  main.o [1]
timer_reset             0x0800056f    0xc  Code  Lc  ws2811.o [1]


[1] = D:\Ilya\Projects\332 WS2811 hew year light\IAR\Debug\Obj
[2] = command line
[3] = dl6M_tln.a
[4] = rt6M_tl.a
[5] = shb_l.a

  4 440 bytes of readonly  code memory
    437 bytes of readonly  data memory
  7 710 bytes of readwrite data memory

Errors: none
Warnings: none
